// Jest Snapshot v1, https://goo.gl/fbAQLP

exports[`App component renders App 1`] = `
<BrowserRouter>
  <Header
    title="Avatar: The Last Airbender"
  />
  <Switch>
    <Route
      component={[Function]}
      exact={true}
      path="/"
    />
    <Route
      component={[Function]}
      path="/list/:name"
    />
    <Route
      component={[Function]}
      path="/details/:id"
    />
  </Switch>
  <Footer />
</BrowserRouter>
`;
